[backblue.gif]
[fade.gif]
[index.html]
[www.panokam.com/panokam.ico]
[oss.maxcdn.com/html5shiv/3.7.2/html5shiv.min.js]
[oss.maxcdn.com/respond/1.4.2/respond.min.js]
[www.google.com/recaptcha/api.js]
[www.google-analytics.com/analytics.js]
[www.panokam.com/panokamWeb/img/demos-screenshot_1.jpg]
[www.panokam.com/panokamWeb/img/demos-screenshot_2.jpg]
[www.panokam.com/panokamWeb/img/demos-screenshot_3.jpg]
[ajax.googleapis.com/ajax/libs/jquery/1.11.1/jquery.min.js]
[www.panokam.com/panokamWeb/js/jquery.backstretch.min.js]
[www.panokam.com/panokamWeb/js/waypoints.min.js]
[www.panokam.com/panokamWeb/js/bootstrap.min.js]
[www.panokam.com/panokamWeb/js/lightbox.min.js]
[www.panokam.com/panokamWeb/js/scrolltopcontrol.js]
[www.panokam.com/panokamWeb/js/contact.js]
[www.panokam.com/panokamWeb/js/custom.js]
[www.panokam.com/index.html]
[www.panokam.com/tours/js/jquery.min.js]
[www.panokam.com/tours/js/jquery.mousewheel.min.js]
[www.panokam.com/tours/js/jquery.mCustomScrollbar.min.js]
[www.panokam.com/tours/js/jcarousel.min.js]
[www.panokam.com/tours/js/jquery.fullscreen-min.js]
[www.panokam.com/photosphere/js/three.min.js]
[www.panokam.com/photosphere/js/DeviceOrientationControls.js]
[www.panokam.com/photosphere/js/StereoEffect.js]
[www.panokam.com/photosphere/img/merrion_square_smaller.jpg]
[www.panokam.com/photosphere/img/beckett_bridge_smaller.jpg]
[www.panokam.com/tours/img/content/products/1.jpg]
[www.panokam.com/tours/img/arrow.png]
[www.panokam.com/tours/img/content/products/4.jpg]
[www.panokam.com/photosphere/audio/merrion_square.ogg]
[www.panokam.com/photosphere/audio/beckett_bridge.ogg]
[www.panokam.com/tours/merrion_square.html]
[www.panokam.com/tours/beckett_bridge.html]
[oss.maxcdn.com/html5shiv/3.7.2/html5shiv.min.js]
[www.panokam.com/panokamWeb/fonts/glyphicons-halflings-regular.eot]
[www.google.com/recaptcha/api.js]
[www.panokam.com/panokamWeb/fonts/glyphicons-halflings-regulard41d.eot]
[www.panokam.com/panokamWeb/fonts/glyphicons-halflings-regular.woff]
[www.panokam.com/panokamWeb/img/demos-screenshot_1.jpg]
[www.panokam.com/panokamWeb/fonts/glyphicons-halflings-regular.ttf]
[www.panokam.com/panokamWeb/img/demos-screenshot_2.jpg]
[www.panokam.com/panokamWeb/img/demos-screenshot_3.jpg]
[www.panokam.com/panokamWeb/img/pattern_no.png]
[www.panokam.com/panokamWeb/img/pattern_vertical.png]
[www.panokam.com/panokamWeb/js/jquery.backstretch.min.js]
[www.panokam.com/panokamWeb/img/pattern_horizontal.png]
[www.panokam.com/panokamWeb/css/style.css]
[www.panokam.com/panokamWeb/js/waypoints.min.js]
[www.panokam.com/panokamWeb/js/bootstrap.min.js]
[www.panokam.com/panokamWeb/fonts/font-awesome-4.2.0/fonts/fontawesome-webfont78ce.eot]
[www.panokam.com/panokamWeb/js/lightbox.min.js]
[www.panokam.com/panokamWeb/fonts/font-awesome-4.2.0/fonts/fontawesome-webfontd41d.eot]
[www.panokam.com/panokamWeb/js/scrolltopcontrol.js]
[www.panokam.com/panokamWeb/fonts/font-awesome-4.2.0/fonts/fontawesome-webfont78ce.woff]
[www.panokam.com/panokamWeb/js/contact.js]
[www.panokam.com/panokamWeb/fonts/font-awesome-4.2.0/fonts/fontawesome-webfont78ce.ttf]
[www.panokam.com/panokamWeb/js/custom.js]
[www.panokam.com/panokamWeb/fonts/font-awesome-4.2.0/css/font-awesome.min.css]
[www.panokam.com/tours/js/jquery.min.js]
[www.panokam.com/tours/js/jquery.mousewheel.min.js]
[www.panokam.com/panokamWeb/css/panokam.css]
[www.panokam.com/tours/js/jquery.mCustomScrollbar.min.js]
[www.panokam.com/tours/js/jcarousel.min.js]
[www.panokam.com/panokamWeb/css/animate.css]
[www.panokam.com/tours/js/jquery.fullscreen-min.js]
[www.panokam.com/photosphere/js/three.min.js]
[www.panokam.com/photosphere/js/DeviceOrientationControls.js]
[www.panokam.com/panokamWeb/img/close.png]
[www.panokam.com/photosphere/js/StereoEffect.js]
[www.panokam.com/panokamWeb/img/loading.gif]
[www.panokam.com/photosphere/img/merrion_square_smaller.jpg]
[www.panokam.com/panokamWeb/img/prev.png]
[www.panokam.com/photosphere/img/beckett_bridge_smaller.jpg]
[www.panokam.com/panokamWeb/img/next.png]
[www.panokam.com/panokamWeb/css/lightbox.css]
[www.panokam.com/tours/img/content/products/1.jpg]
[www.panokam.com/tours/merrion_square.html]
[www.panokam.com/tours/img/arrow.png]
[www.panokam.com/tours/beckett_bridge.html]
[www.panokam.com/tours/img/content/products/4.jpg]
[www.panokam.com/panokamWeb/fonts/glyphicons-halflings-regular.eot]
[www.panokam.com/panokamWeb/fonts/glyphicons-halflings-regulard41d.eot]
[www.panokam.com/tours/fonts/ostrich sans/ostrich-light-webfont.eot]
[www.panokam.com/panokamWeb/fonts/glyphicons-halflings-regular.woff]
[www.panokam.com/tours/fonts/ostrich sans/ostrich-light-webfontd41d.eot]
[www.panokam.com/panokamWeb/fonts/glyphicons-halflings-regular.ttf]
[www.panokam.com/tours/fonts/ostrich sans/ostrich-light-webfont.woff]
[www.panokam.com/panokamWeb/img/pattern_no.png]
[www.panokam.com/tours/fonts/ostrich sans/ostrich-light-webfont.ttf]
[www.panokam.com/panokamWeb/img/pattern_vertical.png]
[www.panokam.com/panokamWeb/img/pattern_horizontal.png]
[www.panokam.com/tours/fonts/ostrich sans/ostrich-regular-webfont.eot]
[www.panokam.com/panokamWeb/fonts/font-awesome-4.2.0/fonts/fontawesome-webfont78ce.eot]
[www.panokam.com/tours/fonts/ostrich sans/ostrich-regular-webfontd41d.eot]
[www.panokam.com/panokamWeb/fonts/font-awesome-4.2.0/fonts/fontawesome-webfontd41d.eot]
[www.panokam.com/tours/fonts/ostrich sans/ostrich-regular-webfont.woff]
[www.panokam.com/panokamWeb/fonts/font-awesome-4.2.0/fonts/fontawesome-webfont78ce.woff]
[www.panokam.com/tours/fonts/ostrich sans/ostrich-regular-webfont.ttf]
[www.panokam.com/panokamWeb/fonts/font-awesome-4.2.0/fonts/fontawesome-webfont78ce.ttf]
[www.panokam.com/panokamWeb/img/close.png]
[www.panokam.com/tours/fonts/ostrich sans/ostrich-bold-webfont.eot]
[www.panokam.com/panokamWeb/img/loading.gif]
[www.panokam.com/tours/fonts/ostrich sans/ostrich-bold-webfontd41d.eot]
[www.panokam.com/panokamWeb/img/prev.png]
[www.panokam.com/tours/fonts/ostrich sans/ostrich-bold-webfont.woff]
[www.panokam.com/panokamWeb/img/next.png]
[www.panokam.com/tours/fonts/ostrich sans/ostrich-bold-webfont.ttf]
[www.panokam.com/tours/fonts/ostrich sans/ostrich-light-webfont.eot]
[www.panokam.com/tours/fonts/ostrich sans/ostrich-light-webfontd41d.eot]
[www.panokam.com/tours/fonts/ostrich sans/ostrich-light-webfont.woff]
[www.panokam.com/tours/fonts/ostrich sans/ostrich-light-webfont.ttf]
[www.panokam.com/tours/fonts/ostrich sans/ostrich-black-webfont.eot]
[www.panokam.com/tours/fonts/ostrich sans/ostrich-regular-webfont.eot]
[www.panokam.com/tours/fonts/ostrich sans/ostrich-regular-webfontd41d.eot]
[www.panokam.com/tours/fonts/ostrich sans/ostrich-black-webfont.woff]
[www.panokam.com/tours/fonts/ostrich sans/ostrich-regular-webfont.woff]
[www.panokam.com/tours/fonts/ostrich sans/ostrich-black-webfont.ttf]
[www.panokam.com/tours/fonts/ostrich sans/ostrich-regular-webfont.ttf]
[www.panokam.com/tours/fonts/ostrich sans/ostrich-bold-webfont.eot]
[www.panokam.com/tours/fonts/ostrich sans/ostrich-rounded-webfont.eot]
[www.panokam.com/tours/fonts/ostrich sans/ostrich-bold-webfontd41d.eot]
[www.panokam.com/tours/fonts/ostrich sans/ostrich-bold-webfont.woff]
[www.panokam.com/tours/fonts/ostrich sans/ostrich-rounded-webfont.woff]
[www.panokam.com/tours/fonts/ostrich sans/ostrich-bold-webfont.ttf]
[www.panokam.com/tours/fonts/ostrich sans/ostrich-black-webfont.eot]
[www.panokam.com/tours/fonts/ostrich sans/ostrich-rounded-webfont.ttf]
[www.panokam.com/tours/fonts/ostrich sans/ostrich-black-webfontd41d.eot]
[www.panokam.com/tours/fonts/ostrich sans/ostrich-black-webfont.woff]
[www.panokam.com/tours/fonts/ostrich sans/ostrich-black-webfont.ttf]
[www.panokam.com/tours/fonts/ostrich sans/ostrich-rounded-webfont.eot]
[www.panokam.com/tours/fonts/ostrich sans/ostrich-rounded-webfontd41d.eot]
[www.panokam.com/tours/fonts/ostrich sans/ostrich-rounded-webfont.woff]
[www.panokam.com/tours/fonts/ostrich sans/ostrich-dashed-webfont.eot]
[www.panokam.com/tours/fonts/ostrich sans/ostrich-rounded-webfont.ttf]
[www.panokam.com/tours/fonts/ostrich sans/ostrich-dashed-webfont.woff]
[www.panokam.com/tours/fonts/ostrich sans/ostrich-dashed-webfont.eot]
[www.panokam.com/tours/fonts/ostrich sans/ostrich-dashed-webfont.ttf]
[www.panokam.com/tours/fonts/ostrich sans/ostrich-dashed-webfontd41d.eot]
[www.panokam.com/tours/fonts/ostrich sans/stylesheet.css]
[www.panokam.com/tours/fonts/ostrich sans/ostrich-dashed-webfont.woff]
[www.panokam.com/tours/fonts/PT sans/PTN57F-webfont.eot]
[www.panokam.com/tours/fonts/PT sans/PTN57F-webfont.woff]
[www.panokam.com/tours/fonts/PT sans/PTN57F-webfontd41d.eot]
[www.panokam.com/tours/fonts/PT sans/PTN57F-webfont.ttf]
[www.panokam.com/tours/fonts/PT sans/PTN57F-webfont.woff]
[www.panokam.com/tours/fonts/PT sans/PTN57F-webfont.ttf]
[www.panokam.com/tours/fonts/PT sans/PTC75F-webfont.eot]
[www.panokam.com/tours/fonts/PT sans/PTC75F-webfont.woff]
[www.panokam.com/tours/fonts/PT sans/PTC75F-webfont.ttf]
[www.panokam.com/tours/fonts/PT sans/PTC75F-webfontd41d.eot]
[www.panokam.com/tours/fonts/PT sans/PTC75F-webfont.woff]
[www.panokam.com/tours/fonts/PT sans/PTC55F-webfont.eot]
[www.panokam.com/tours/fonts/PT sans/PTC55F-webfont.woff]
[www.panokam.com/tours/fonts/PT sans/PTC55F-webfontd41d.eot]
[www.panokam.com/tours/fonts/PT sans/PTC55F-webfont.ttf]
[www.panokam.com/tours/fonts/PT sans/PTC55F-webfont.woff]
[www.panokam.com/tours/fonts/PT sans/PTS76F-webfont.eot]
[www.panokam.com/tours/fonts/PT sans/PTS76F-webfont.woff]
[www.panokam.com/tours/fonts/PT sans/PTS76F-webfontd41d.eot]
[www.panokam.com/tours/fonts/PT sans/PTS76F-webfont.ttf]
[www.panokam.com/tours/fonts/PT sans/PTS76F-webfont.woff]
[www.panokam.com/tours/fonts/PT sans/PTS75F-webfont.eot]
[www.panokam.com/tours/fonts/PT sans/PTS75F-webfont.woff]
[www.panokam.com/tours/fonts/PT sans/PTS75F-webfontd41d.eot]
[www.panokam.com/tours/fonts/PT sans/PTS75F-webfont.ttf]
[www.panokam.com/tours/fonts/PT sans/PTS75F-webfont.woff]
[www.panokam.com/tours/fonts/PT sans/PTS56F-webfont.eot]
[www.panokam.com/tours/fonts/PT sans/PTS56F-webfont.woff]
[www.panokam.com/tours/fonts/PT sans/PTS56F-webfontd41d.eot]
[www.panokam.com/tours/fonts/PT sans/PTS56F-webfont.ttf]
[www.panokam.com/tours/fonts/PT sans/PTS56F-webfont.woff]
[www.panokam.com/tours/fonts/PT sans/PTS55F-webfont.eot]
[www.panokam.com/tours/fonts/PT sans/PTS55F-webfont.woff]
[www.panokam.com/tours/fonts/PT sans/PTS55F-webfontd41d.eot]
[www.panokam.com/tours/fonts/PT sans/PTS55F-webfont.ttf]
[www.panokam.com/tours/fonts/PT sans/PTN77F-webfont.eot]
[www.panokam.com/tours/fonts/PT sans/PTN77F-webfont.woff]
[www.panokam.com/tours/fonts/PT sans/PTN77F-webfontd41d.eot]
[www.panokam.com/tours/fonts/PT sans/PTN77F-webfont.ttf]
[www.panokam.com/tours/fonts/PT sans/PTN77F-webfont.woff]
[www.panokam.com/tours/fonts/PT sans/stylesheet.css]
[www.panokam.com/tours/css/usquare_style.css]
[www.panokam.com/tours/img/background-gray.jpg]
[www.panokam.com/tours/css/usquare_products_style.css]
[www.panokam.com/tours/img/background-gray.jpg]
[www.panokam.com/tours/css/jquery.mCustomScrollbar.css]
[www.panokam.com/tours/img/car_arrows.png]
[www.panokam.com/tours/css/jcarousel.css]
[www.panokam.com/tours/img/background.png]
[www.panokam.com/tours/css/style.css]
[www.panokam.com/panokamWeb/fonts/glyphicons-halflings-regular.svg]
[www.panokam.com/panokamWeb/fonts/font-awesome-4.2.0/fonts/fontawesome-webfont78ce.svg]
[www.panokam.com/tours/fonts/ostrich sans/ostrich-light-webfont.svg]
[www.panokam.com/tours/fonts/ostrich sans/ostrich-regular-webfont.svg]
[www.panokam.com/tours/fonts/ostrich sans/ostrich-bold-webfont.svg]
[www.panokam.com/tours/fonts/ostrich sans/ostrich-black-webfont.svg]
[www.panokam.com/tours/fonts/ostrich sans/ostrich-rounded-webfont.svg]
[www.panokam.com/tours/fonts/ostrich sans/ostrich-dashed-webfont.svg]
[www.panokam.com/tours/fonts/PT sans/PTN57F-webfont.svg]
[www.panokam.com/tours/fonts/PT sans/PTC75F-webfont.svg]
[www.panokam.com/tours/fonts/PT sans/PTC55F-webfont.svg]
[www.panokam.com/tours/fonts/PT sans/PTS76F-webfont.svg]
[www.panokam.com/tours/fonts/PT sans/PTS75F-webfont.svg]
[www.panokam.com/tours/fonts/PT sans/PTS56F-webfont.svg]
[www.panokam.com/tours/fonts/PT sans/PTS55F-webfont.svg]
[www.panokam.com/tours/fonts/PT sans/PTN77F-webfont.svg]
[www.panokam.com/PIE.html]
[www.panokam.com/tours/css/filters.svg]
[www.panokam.com/tours/css/mCSB_buttons.html]
[www.panokam.com/tours/css/deleteButton.html]
[www.panokam.com/tours/css/deleteButtonPressed.html]
